import java.util.function.Function;

class java_magic_arg {

static <A, B> B let(A val, Function<A, B> cont) { return cont.apply(val); }

static <A> A error(String msg) { throw new RuntimeException(msg); }

static final Function<Object, Object> __dummy = new Function<Object, Object>() {
  public Object apply(Object x) { return this; }
};

@SuppressWarnings("unchecked")
static <A> A __() { return (A) __dummy; }

public interface nat {
public static class O implements nat {
  
  O() {
    }
    
  }

public static class S implements nat {
  final nat S0;
  
  S(nat S0) {
    this.S0 = S0;
    }
    
  }

}

public interface bool {
public static class True implements bool {
  
  True() {
    }
    
  }

public static class False implements bool {
  
  False() {
    }
    
  }

}

static Function<nat, Function<nat, nat>> add;
static {
add = n -> m ->
((n instanceof nat.O) ? m
: (n instanceof nat.S) ? let(((nat.S)n).S0, p ->
                         ((nat) new nat.S(add.apply(p).apply(m))))
: error("non-exhaustive match"))
;
}

static Function<bool, Object> dep = b ->
  ((b instanceof bool.True) ? ((nat) new nat.S(((nat) new nat.O())))
  : (b instanceof bool.False) ? ((bool) new bool.False())
  : error("non-exhaustive match"))
  ;

static Function<bool, Object> dep2 = b ->
  ((b instanceof bool.True) ? add.apply(((nat) dep.apply(((bool)
                                                  new bool.True()))))
                                 .apply(((nat) new nat.O()))
  : (b instanceof bool.False) ? ((bool) new bool.False())
  : error("non-exhaustive match"))
  ;

static nat result = ((nat) dep2.apply(((bool) new bool.True())));

}
