import java.util.function.Function;

class java_arithmetic_demo {

static <A, B> B let(A val, Function<A, B> cont) { return cont.apply(val); }

static <A> A error(String msg) { throw new RuntimeException(msg); }

static final Function<Object, Object> __dummy = new Function<Object, Object>() {
  public Object apply(Object x) { return this; }
};

@SuppressWarnings("unchecked")
static <A> A __() { return (A) __dummy; }

public interface nat {}
public static class O implements nat {
  
  O() {
    }
    
  }

public static class S implements nat {
  final nat S0;
  
  S(nat S0) {
    this.S0 = S0;
    }
    
  }

static Function<nat, Function<nat, nat>> add;
static {
add = n -> m ->
((n instanceof O) ? m
: (n instanceof S) ? let(((S)n).S0, n$ ->
                     ((nat) new S(add.apply(n$).apply(m))))
: error("non-exhaustive match"))
;
}

static Function<nat, nat> double0 = n -> add.apply(n).apply(n)
  ;

static Function<nat, Function<nat, nat>> mul;
static {
mul = n -> m ->
((n instanceof O) ? ((nat) new O())
: (n instanceof S) ? let(((S)n).S0, n$ ->
                     add.apply(m).apply(mul.apply(n$).apply(m)))
: error("non-exhaustive match"))
;
}

static nat two = ((nat) new S(((nat) new S(((nat) new O())))));

static nat three = ((nat) new S(two));

}
