import java.util.function.Function;

class java_match_failure {

static <A, B> B let(A val, Function<A, B> cont) { return cont.apply(val); }

static <A> A error(String msg) { throw new RuntimeException(msg); }

static final Function<Object, Object> __dummy = new Function<Object, Object>() {
  public Object apply(Object x) { return this; }
};

@SuppressWarnings("unchecked")
static <A> A __() { return (A) __dummy; }

public interface color {}
public static class Red implements color {
  
  Red() {
    }
    
  }

public static class Green implements color {
  
  Green() {
    }
    
  }

public static class Blue implements color {
  
  Blue() {
    }
    
  }

static Function<color, color> rotate = c ->
  ((c instanceof Red) ? ((color) new Green())
  : (c instanceof Green) ? ((color) new Blue())
  : (c instanceof Blue) ? ((color) new Red())
  : error("non-exhaustive match"))
  ;

}
