import java.util.function.Function;

class Main {

static <A, B> B let(A val, Function<A, B> cont) { return cont.apply(val); }

static <A> A error(String msg) { throw new RuntimeException(msg); }

public interface color {}
public static class Red implements color {
  
  Red() {
    }
    
  }

public static class Green implements color {
  
  Green() {
    }
    
  }

public static class Blue implements color {
  
  Blue() {
    }
    
  }

static Function<color, color> rotate = c ->
  (c instanceof Red) ? new Green()
  : (c instanceof Green) ? new Blue()
  : (c instanceof Blue) ? new Red()
  : error("non-exhaustive match")
  ;

}
