import java.util.function.Function;

class java_match_default {

static <A, B> B let(A val, Function<A, B> cont) { return cont.apply(val); }

static <A> A error(String msg) { throw new RuntimeException(msg); }

static final Function<Object, Object> __dummy = new Function<Object, Object>() {
  public Object apply(Object x) { return this; }
};

@SuppressWarnings("unchecked")
static <A> A __() { return (A) __dummy; }

public interface color {}
public static class Red implements color {
  
  Red() {
    }
    
  }

public static class Green implements color {
  
  Green() {
    }
    
  }

public static class Blue implements color {
  
  Blue() {
    }
    
  }

static Function<color, color> default_to_red = c ->
  ((c instanceof Red) ? ((color) new Green())
  : ((color) new Red()))
  ;

static Function<color, color> normalize = c ->
  (let(default_to_red.apply(c), scrutinee ->
   (scrutinee instanceof Red) ? ((color) new Green())
   : let(scrutinee, x -> x)))
  ;

}
