import java.util.function.Function;

class java_type_alias_noexpand {

static <A, B> B let(A val, Function<A, B> cont) { return cont.apply(val); }

static <A> A error(String msg) { throw new RuntimeException(msg); }

static final Function<Object, Object> __dummy = new Function<Object, Object>() {
  public Object apply(Object x) { return this; }
};

@SuppressWarnings("unchecked")
static <A> A __() { return (A) __dummy; }

public interface nat {}
public static class O implements nat {
  
  O() {
    }
    
  }

public static class S implements nat {
  final nat S0;
  
  S(nat S0) {
    this.S0 = S0;
    }
    
  }

public interface list {}
public static class Nil implements list {
  
  Nil() {
    }
    
  }

public static class Cons implements list {
  final Object Cons0;
  final list Cons1;
  
  Cons(Object Cons0, list Cons1) {
    this.Cons0 = Cons0;
    this.Cons1 = Cons1;
    }
    
  }

static Function<Function<nat, nat>, list> singleton_op = f -> ((list)
  new Cons(f, ((list) new Nil())))
  ;

static Function<list, Function<nat, nat>> apply_head = l -> n ->
  ((l instanceof Nil) ? n
  : (l instanceof Cons) ? let(((Function<nat, nat>) ((Cons)l).Cons0), f ->
                          f.apply(n))
  : error("non-exhaustive match"))
  ;

}
