import java.util.function.Function;

class java_axiom {

static <A, B> B let(A val, Function<A, B> cont) { return cont.apply(val); }

static <A> A error(String msg) { throw new RuntimeException(msg); }

static final Function<Object, Object> __dummy = new Function<Object, Object>() {
  public Object apply(Object x) { return this; }
};

@SuppressWarnings("unchecked")
static <A> A __() { return (A) __dummy; }

public interface value {}
public static class A implements value {
  
  A() {
    }
    
  }

public static class B implements value {
  
  B() {
    }
    
  }

static value mystery = error("AXIOM TO BE REALIZED (axiom.mystery)");

}
